===================================================================================
               SPRINT 2 — FINANCIAL RATIO ENGINE EDGE CASE & ANOMALY LOG           
===================================================================================

[001] COMPANY: ADANIENT     | YEAR: 2024 | METRIC: ROE
      Calculated: 8.53% | Source: 13.64% | Diff: 5.11%
      CATEGORY: formula discrepancy
      EXPLANATION: Formula definition difference: source Excel uses average equity over 2 years vs ending year equity.

[002] COMPANY: ADANIGREEN   | YEAR: 2024 | METRIC: ROCE
      Calculated: 11.49% | Source: 96.50% | Diff: 85.01%
      CATEGORY: data source issue
      EXPLANATION: Large variance (85.01%): source Excel uses TTM/consolidated reporting period vs SQLite annual balance sheet.

[003] COMPANY: ADANIPOWER   | YEAR: 2024 | METRIC: ROE
      Calculated: 48.28% | Source: 57.10% | Diff: 8.82%
      CATEGORY: formula discrepancy
      EXPLANATION: Formula definition difference: source Excel uses average equity over 2 years vs ending year equity.

[004] COMPANY: AMBUJACEM    | YEAR: 2024 | METRIC: ROCE
      Calculated: 18.51% | Source: 12.80% | Diff: 5.71%
      CATEGORY: version difference
      EXPLANATION: Moderate variance (5.71%): source Excel uses latest 2024 trailing metrics vs historical annual audited balance sheet.

[INFO] COMPANY: AXISBANK     | YEAR: 2024 | SECTOR: Financials
      Debt-to-Equity: 8.25 (> 5.0) | High Leverage Flag: SUPPRESSED (Normal for Banks/NBFCs)

[005] COMPANY: BAJAJFINSV   | YEAR: 2024 | METRIC: ROCE
      Calculated: 11.71% | Source: 21.14% | Diff: 9.43%
      CATEGORY: formula discrepancy
      EXPLANATION: Financials sector bank carve-out: calculated ROCE (11.71%) uses EBIT/Capital Employed whereas source (21.14%) uses sector-specific interest spread formula.

[006] COMPANY: BAJAJFINSV   | YEAR: 2024 | METRIC: ROE
      Calculated: 25.85% | Source: 11.72% | Diff: 14.13%
      CATEGORY: version difference
      EXPLANATION: Bank ROE calculation timing: calculated ROE (25.85%) uses annual net profit vs source (11.72%) using latest trailing 12M average equity.

[007] COMPANY: BAJFINANCE   | YEAR: 2024 | METRIC: ROCE
      Calculated: 4.36% | Source: 11.90% | Diff: 7.54%
      CATEGORY: formula discrepancy
      EXPLANATION: Financials sector bank carve-out: calculated ROCE (4.36%) uses EBIT/Capital Employed whereas source (11.90%) uses sector-specific interest spread formula.

[INFO] COMPANY: BANKBARODA   | YEAR: 2024 | SECTOR: Financials
      Debt-to-Equity: 12.14 (> 5.0) | High Leverage Flag: SUPPRESSED (Normal for Banks/NBFCs)

[008] COMPANY: BEL          | YEAR: 2024 | METRIC: ROCE
      Calculated: 4504.72% | Source: 34.60% | Diff: 4470.12%
      CATEGORY: data source issue
      EXPLANATION: Large variance (4470.12%): source Excel uses TTM/consolidated reporting period vs SQLite annual balance sheet.

[009] COMPANY: BEL          | YEAR: 2024 | METRIC: ROE
      Calculated: 4744.05% | Source: 26.30% | Diff: 4717.75%
      CATEGORY: data source issue
      EXPLANATION: Data source anomaly: source Excel reflects consolidated group ROE vs standalone equity base.

[010] COMPANY: BHARTIARTL   | YEAR: 2024 | METRIC: ROCE
      Calculated: 25.10% | Source: 13.10% | Diff: 12.00%
      CATEGORY: version difference
      EXPLANATION: Moderate variance (12.00%): source Excel uses latest 2024 trailing metrics vs historical annual audited balance sheet.

[011] COMPANY: BOSCHLTD     | YEAR: 2024 | METRIC: ROCE
      Calculated: 30.25% | Source: 20.60% | Diff: 9.65%
      CATEGORY: version difference
      EXPLANATION: Moderate variance (9.65%): source Excel uses latest 2024 trailing metrics vs historical annual audited balance sheet.

[012] COMPANY: BPCL         | YEAR: 2024 | METRIC: ROE
      Calculated: 35.51% | Source: 41.90% | Diff: 6.39%
      CATEGORY: formula discrepancy
      EXPLANATION: Formula definition difference: source Excel uses average equity over 2 years vs ending year equity.

[013] COMPANY: BRITANNIA    | YEAR: 2024 | METRIC: ROCE
      Calculated: 56.24% | Source: 48.90% | Diff: 7.34%
      CATEGORY: version difference
      EXPLANATION: Moderate variance (7.34%): source Excel uses latest 2024 trailing metrics vs historical annual audited balance sheet.

[INFO] COMPANY: CANBK        | YEAR: 2024 | SECTOR: Financials
      Debt-to-Equity: 14.87 (> 5.0) | High Leverage Flag: SUPPRESSED (Normal for Banks/NBFCs)

[014] COMPANY: CHOLAFIN     | YEAR: 2024 | METRIC: ROCE
      Calculated: 3.51% | Source: 10.40% | Diff: 6.89%
      CATEGORY: formula discrepancy
      EXPLANATION: Financials sector bank carve-out: calculated ROCE (3.51%) uses EBIT/Capital Employed whereas source (10.40%) uses sector-specific interest spread formula.

[INFO] COMPANY: CHOLAFIN     | YEAR: 2024 | SECTOR: Financials
      Debt-to-Equity: 6.86 (> 5.0) | High Leverage Flag: SUPPRESSED (Normal for Banks/NBFCs)

[015] COMPANY: CIPLA        | YEAR: 2024 | METRIC: ROCE
      Calculated: 71.55% | Source: 22.80% | Diff: 48.75%
      CATEGORY: data source issue
      EXPLANATION: Large variance (48.75%): source Excel uses TTM/consolidated reporting period vs SQLite annual balance sheet.

[016] COMPANY: COALINDIA    | YEAR: 2024 | METRIC: ROCE
      Calculated: 105.75% | Source: 63.60% | Diff: 42.15%
      CATEGORY: data source issue
      EXPLANATION: Large variance (42.15%): source Excel uses TTM/consolidated reporting period vs SQLite annual balance sheet.

[017] COMPANY: COALINDIA    | YEAR: 2024 | METRIC: ROE
      Calculated: 45.17% | Source: 52.00% | Diff: 6.83%
      CATEGORY: formula discrepancy
      EXPLANATION: Formula definition difference: source Excel uses average equity over 2 years vs ending year equity.

[018] COMPANY: GODREJCP     | YEAR: 2024 | METRIC: ROCE
      Calculated: 4.73% | Source: 26.49% | Diff: 21.76%
      CATEGORY: data source issue
      EXPLANATION: Large variance (21.76%): source Excel uses TTM/consolidated reporting period vs SQLite annual balance sheet.

[019] COMPANY: GODREJCP     | YEAR: 2024 | METRIC: ROE
      Calculated: -4.45% | Source: 6.77% | Diff: 11.22%
      CATEGORY: formula discrepancy
      EXPLANATION: Formula definition difference: source Excel uses average equity over 2 years vs ending year equity.

[020] COMPANY: HAL          | YEAR: 2024 | METRIC: ROCE
      Calculated: 3617.39% | Source: 38.90% | Diff: 3578.49%
      CATEGORY: data source issue
      EXPLANATION: Large variance (3578.49%): source Excel uses TTM/consolidated reporting period vs SQLite annual balance sheet.

[021] COMPANY: HAL          | YEAR: 2024 | METRIC: ROE
      Calculated: 3816.58% | Source: 28.90% | Diff: 3787.68%
      CATEGORY: data source issue
      EXPLANATION: Data source anomaly: source Excel reflects consolidated group ROE vs standalone equity base.

[022] COMPANY: HCLTECH      | YEAR: 2024 | METRIC: ROCE
      Calculated: 34.71% | Source: 29.60% | Diff: 5.11%
      CATEGORY: version difference
      EXPLANATION: Moderate variance (5.11%): source Excel uses latest 2024 trailing metrics vs historical annual audited balance sheet.

[INFO] COMPANY: HDFCBANK     | YEAR: 2024 | SECTOR: Financials
      Debt-to-Equity: 6.81 (> 5.0) | High Leverage Flag: SUPPRESSED (Normal for Banks/NBFCs)

[023] COMPANY: HDFCLIFE     | YEAR: 2024 | METRIC: ROCE
      Calculated: 646.47% | Source: 6.61% | Diff: 639.86%
      CATEGORY: formula discrepancy
      EXPLANATION: Financials sector bank carve-out: calculated ROCE (646.47%) uses EBIT/Capital Employed whereas source (6.61%) uses sector-specific interest spread formula.

[024] COMPANY: HEROMOTOCO   | YEAR: 2024 | METRIC: ROCE
      Calculated: 177.92% | Source: 29.10% | Diff: 148.82%
      CATEGORY: data source issue
      EXPLANATION: Large variance (148.82%): source Excel uses TTM/consolidated reporting period vs SQLite annual balance sheet.

[025] COMPANY: HINDALCO     | YEAR: 2024 | METRIC: ROCE
      Calculated: 118.21% | Source: 11.30% | Diff: 106.91%
      CATEGORY: data source issue
      EXPLANATION: Large variance (106.91%): source Excel uses TTM/consolidated reporting period vs SQLite annual balance sheet.

[026] COMPANY: HINDUNILVR   | YEAR: 2024 | METRIC: ROCE
      Calculated: 89.68% | Source: 27.20% | Diff: 62.48%
      CATEGORY: data source issue
      EXPLANATION: Large variance (62.48%): source Excel uses TTM/consolidated reporting period vs SQLite annual balance sheet.

[INFO] COMPANY: ICICIBANK    | YEAR: 2024 | SECTOR: Financials
      Debt-to-Equity: 6.45 (> 5.0) | High Leverage Flag: SUPPRESSED (Normal for Banks/NBFCs)

[027] COMPANY: ICICIGI      | YEAR: 2024 | METRIC: ROCE
      Calculated: 146.43% | Source: 22.50% | Diff: 123.93%
      CATEGORY: formula discrepancy
      EXPLANATION: Financials sector bank carve-out: calculated ROCE (146.43%) uses EBIT/Capital Employed whereas source (22.50%) uses sector-specific interest spread formula.

[028] COMPANY: ICICIPRULI   | YEAR: 2024 | METRIC: ROCE
      Calculated: 754.89% | Source: 8.75% | Diff: 746.14%
      CATEGORY: formula discrepancy
      EXPLANATION: Financials sector bank carve-out: calculated ROCE (754.89%) uses EBIT/Capital Employed whereas source (8.75%) uses sector-specific interest spread formula.

[029] COMPANY: INDIGO       | YEAR: 2024 | METRIC: ROCE
      Calculated: 5643.45% | Source: 24.50% | Diff: 5618.95%
      CATEGORY: data source issue
      EXPLANATION: Large variance (5618.95%): source Excel uses TTM/consolidated reporting period vs SQLite annual balance sheet.

[INFO] COMPANY: INDUSINDBK   | YEAR: 2024 | SECTOR: Financials
      Debt-to-Equity: 6.89 (> 5.0) | High Leverage Flag: SUPPRESSED (Normal for Banks/NBFCs)

[030] COMPANY: IRCTC        | YEAR: 2024 | METRIC: ROCE
      Calculated: 47.78% | Source: 53.80% | Diff: 6.02%
      CATEGORY: version difference
      EXPLANATION: Moderate variance (6.02%): source Excel uses latest 2024 trailing metrics vs historical annual audited balance sheet.

[031] COMPANY: IRCTC        | YEAR: 2024 | METRIC: ROE
      Calculated: 34.40% | Source: 40.40% | Diff: 6.00%
      CATEGORY: formula discrepancy
      EXPLANATION: Formula definition difference: source Excel uses average equity over 2 years vs ending year equity.

[INFO] COMPANY: IRFC         | YEAR: 2024 | SECTOR: Financials
      Debt-to-Equity: 8.38 (> 5.0) | High Leverage Flag: SUPPRESSED (Normal for Banks/NBFCs)

[032] COMPANY: LICI         | YEAR: 2024 | METRIC: ROCE
      Calculated: 57.53% | Source: 63.79% | Diff: 6.26%
      CATEGORY: formula discrepancy
      EXPLANATION: Financials sector bank carve-out: calculated ROCE (57.53%) uses EBIT/Capital Employed whereas source (63.79%) uses sector-specific interest spread formula.

[033] COMPANY: LICI         | YEAR: 2024 | METRIC: ROE
      Calculated: 49.45% | Source: 63.61% | Diff: 14.16%
      CATEGORY: version difference
      EXPLANATION: Bank ROE calculation timing: calculated ROE (49.45%) uses annual net profit vs source (63.61%) using latest trailing 12M average equity.

[034] COMPANY: LT           | YEAR: 2024 | METRIC: ROCE
      Calculated: 152.62% | Source: 17.18% | Diff: 135.44%
      CATEGORY: data source issue
      EXPLANATION: Large variance (135.44%): source Excel uses TTM/consolidated reporting period vs SQLite annual balance sheet.

[035] COMPANY: LT           | YEAR: 2024 | METRIC: ROE
      Calculated: 77.67% | Source: 10.49% | Diff: 67.18%
      CATEGORY: data source issue
      EXPLANATION: Data source anomaly: source Excel reflects consolidated group ROE vs standalone equity base.

[036] COMPANY: M&M          | YEAR: 2024 | METRIC: ROCE
      Calculated: 16.12% | Source: 26.98% | Diff: 10.86%
      CATEGORY: version difference
      EXPLANATION: Moderate variance (10.86%): source Excel uses latest 2024 trailing metrics vs historical annual audited balance sheet.

[037] COMPANY: MOTHERSON    | YEAR: 2024 | METRIC: ROCE
      Calculated: 20.54% | Source: 13.70% | Diff: 6.84%
      CATEGORY: version difference
      EXPLANATION: Moderate variance (6.84%): source Excel uses latest 2024 trailing metrics vs historical annual audited balance sheet.

[038] COMPANY: NESTLEIND    | YEAR: 2024 | METRIC: ROCE
      Calculated: 162.06% | Source: 185.43% | Diff: 23.37%
      CATEGORY: data source issue
      EXPLANATION: Large variance (23.37%): source Excel uses TTM/consolidated reporting period vs SQLite annual balance sheet.

[039] COMPANY: NESTLEIND    | YEAR: 2024 | METRIC: ROE
      Calculated: 117.75% | Source: 135.61% | Diff: 17.86%
      CATEGORY: formula discrepancy
      EXPLANATION: Formula definition difference: source Excel uses average equity over 2 years vs ending year equity.

[040] COMPANY: PFC          | YEAR: 2024 | METRIC: ROCE
      Calculated: 3.49% | Source: 9.96% | Diff: 6.47%
      CATEGORY: formula discrepancy
      EXPLANATION: Financials sector bank carve-out: calculated ROCE (3.49%) uses EBIT/Capital Employed whereas source (9.96%) uses sector-specific interest spread formula.

[041] COMPANY: PFC          | YEAR: 2024 | METRIC: ROE
      Calculated: 26.16% | Source: 19.49% | Diff: 6.67%
      CATEGORY: version difference
      EXPLANATION: Bank ROE calculation timing: calculated ROE (26.16%) uses annual net profit vs source (19.49%) using latest trailing 12M average equity.

[INFO] COMPANY: PFC          | YEAR: 2024 | SECTOR: Financials
      Debt-to-Equity: 8.52 (> 5.0) | High Leverage Flag: SUPPRESSED (Normal for Banks/NBFCs)

[042] COMPANY: PNB          | YEAR: 2024 | METRIC: ROE
      Calculated: 61.32% | Source: 8.70% | Diff: 52.62%
      CATEGORY: version difference
      EXPLANATION: Bank ROE calculation timing: calculated ROE (61.32%) uses annual net profit vs source (8.70%) using latest trailing 12M average equity.

[043] COMPANY: POWERGRID    | YEAR: 2024 | METRIC: ROCE
      Calculated: 19.17% | Source: 13.20% | Diff: 5.97%
      CATEGORY: version difference
      EXPLANATION: Moderate variance (5.97%): source Excel uses latest 2024 trailing metrics vs historical annual audited balance sheet.

[INFO] COMPANY: RECLTD       | YEAR: 2024 | SECTOR: Financials
      Debt-to-Equity: 6.42 (> 5.0) | High Leverage Flag: SUPPRESSED (Normal for Banks/NBFCs)

[044] COMPANY: SHREECEM     | YEAR: 2024 | METRIC: ROCE
      Calculated: 22.88% | Source: 14.80% | Diff: 8.08%
      CATEGORY: version difference
      EXPLANATION: Moderate variance (8.08%): source Excel uses latest 2024 trailing metrics vs historical annual audited balance sheet.

[045] COMPANY: SHRIRAMFIN   | YEAR: 2024 | METRIC: ROCE
      Calculated: 4.32% | Source: 11.30% | Diff: 6.98%
      CATEGORY: formula discrepancy
      EXPLANATION: Financials sector bank carve-out: calculated ROCE (4.32%) uses EBIT/Capital Employed whereas source (11.30%) uses sector-specific interest spread formula.

[046] COMPANY: TATAMOTORS   | YEAR: 2024 | METRIC: ROCE
      Calculated: 33.93% | Source: 20.10% | Diff: 13.83%
      CATEGORY: version difference
      EXPLANATION: Moderate variance (13.83%): source Excel uses latest 2024 trailing metrics vs historical annual audited balance sheet.

[047] COMPANY: TATAMOTORS   | YEAR: 2024 | METRIC: ROE
      Calculated: 37.46% | Source: 49.40% | Diff: 11.94%
      CATEGORY: formula discrepancy
      EXPLANATION: Formula definition difference: source Excel uses average equity over 2 years vs ending year equity.

[048] COMPANY: TATAPOWER    | YEAR: 2024 | METRIC: ROCE
      Calculated: 16.45% | Source: 11.10% | Diff: 5.35%
      CATEGORY: version difference
      EXPLANATION: Moderate variance (5.35%): source Excel uses latest 2024 trailing metrics vs historical annual audited balance sheet.

[049] COMPANY: TATASTEEL    | YEAR: 2024 | METRIC: ROE
      Calculated: -5.33% | Source: 6.55% | Diff: 11.88%
      CATEGORY: formula discrepancy
      EXPLANATION: Formula definition difference: source Excel uses average equity over 2 years vs ending year equity.

[050] COMPANY: TCS          | YEAR: 2024 | METRIC: ROE
      Calculated: 50.94% | Source: 0.52% | Diff: 50.42%
      CATEGORY: data source issue
      EXPLANATION: Data source anomaly: source Excel reflects consolidated group ROE vs standalone equity base.

[051] COMPANY: TECHM        | YEAR: 2024 | METRIC: ROCE
      Calculated: 18.60% | Source: 11.90% | Diff: 6.70%
      CATEGORY: version difference
      EXPLANATION: Moderate variance (6.70%): source Excel uses latest 2024 trailing metrics vs historical annual audited balance sheet.

[052] COMPANY: TORNTPHARM   | YEAR: 2024 | METRIC: ROCE
      Calculated: 32.30% | Source: 23.20% | Diff: 9.10%
      CATEGORY: version difference
      EXPLANATION: Moderate variance (9.10%): source Excel uses latest 2024 trailing metrics vs historical annual audited balance sheet.

[053] COMPANY: TRENT        | YEAR: 2024 | METRIC: ROCE
      Calculated: 50.85% | Source: 23.80% | Diff: 27.05%
      CATEGORY: data source issue
      EXPLANATION: Large variance (27.05%): source Excel uses TTM/consolidated reporting period vs SQLite annual balance sheet.

[054] COMPANY: TRENT        | YEAR: 2024 | METRIC: ROE
      Calculated: 36.31% | Source: 27.20% | Diff: 9.11%
      CATEGORY: formula discrepancy
      EXPLANATION: Formula definition difference: source Excel uses average equity over 2 years vs ending year equity.

===================================================================================
TOTAL ANOMALIES & EDGE CASES LOGGED: 54
===================================================================================